<?xml version="1.0" encoding="utf-8"?><testsuites name="pytest tests"><testsuite name="pytest" errors="0" failures="0" skipped="5" tests="25" time="3.023" timestamp="2025-09-22T15:50:08.199774+02:00" hostname="DESKTOP-85U4UL3"><testcase classname="tests.test_llm_tils_edge_cases" name="test_get_llm_response_missing_api_key" time="0.003" /><testcase classname="tests.test_llm_tils_edge_cases" name="test_get_llm_response_unexpected_shapes_empty_choices" time="0.002" /><testcase classname="tests.test_llm_tils_edge_cases" name="test_get_llm_response_unexpected_shapes_missing_message" time="0.003" /><testcase classname="tests.test_llm_tils_edge_cases" name="test_get_llm_response_non_string_content" time="0.002" /><testcase classname="tests.test_llm_tils_edge_cases" name="test_get_llm_response_unicode_and_strip" time="0.002" /><testcase classname="tests.test_llm_tils_edge_cases" name="test_get_llm_response_temperature_and_params_passed" time="0.002"><skipped type="pytest.xfail" message="function doesn't accept temperature/top_p right now" /></testcase><testcase classname="tests.test_llm_tils_edge_cases" name="test_build_prompt_missing_template_file" time="0.008" /><testcase classname="tests.test_llm_tils_edge_cases" name="test_build_prompt_encoding_issues" time="0.005" /><testcase classname="tests.test_llm_tils_edge_cases" name="test_build_prompt_placeholder_collision_raises" time="0.005" /><testcase classname="tests.test_llm_tils_edge_cases" name="test_build_prompt_subcategories_none_and_strings_ok" time="0.006" /><testcase classname="tests.test_llm_tils_edge_cases" name="test_build_prompt_handles_newlines_and_commas" time="0.007" /><testcase classname="tests.test_llm_tils_edge_cases" name="test_pplx_default_api_key_path_headers" time="0.002" /><testcase classname="tests.test_llm_tils_edge_cases" name="test_pplx_http_error_returns_json_anyway" time="0.002" /><testcase classname="tests.test_llm_tils_edge_cases" name="test_pplx_non_json_response_raises" time="0.002" /><testcase classname="tests.test_llm_tils_edge_cases" name="test_pplx_unexpected_json_shape_passthrough" time="0.002" /><testcase classname="tests.test_llm_tils_edge_cases" name="test_pplx_payload_correctness" time="0.002" /><testcase classname="tests.test_llm_tils_edge_cases" name="test_pplx_headers_when_api_key_param_used" time="0.002" /><testcase classname="tests.test_llm_tils_edge_cases" name="test_verify_and_fix_json_root_array" time="0.004" /><testcase classname="tests.test_llm_tils_edge_cases" name="test_verify_and_fix_json_with_cpp_style_comments" time="0.010"><skipped type="pytest.xfail" message="Comments not stripped yet" /></testcase><testcase classname="tests.test_llm_tils_edge_cases" name="test_verify_and_fix_json_single_quotes" time="0.001"><skipped type="pytest.xfail" message="Single quotes not normalized yet" /></testcase><testcase classname="tests.test_llm_tils_edge_cases" name="test_verify_and_fix_json_python_literals" time="0.147"><skipped type="pytest.xfail" message="Python literals True/False/None not normalized yet" /></testcase><testcase classname="tests.test_llm_tils_edge_cases" name="test_verify_and_fix_json_trailing_comma_in_array" time="0.001" /><testcase classname="tests.test_llm_tils_edge_cases" name="test_verify_and_fix_json_triple_backticks_inside_strings_not_eaten" time="0.001" /><testcase classname="tests.test_llm_tils_edge_cases" name="test_verify_and_fix_json_multiple_concatenated_objects" time="0.001"><skipped type="pytest.xfail" message="Concatenated objects not merged/array-wrapped" /></testcase><testcase classname="tests.test_llm_tils_edge_cases" name="test_verify_and_fix_json_non_string_input_behavior" time="0.002" /></testsuite></testsuites>